{"auth":{"mxid":"@john.doe:example.com","profile":{"display_name":"John Doe","three_pids":[{"address":"john.doe@example.org","medium":"email"},{"address":"123456789","medium":"msisdn"}]},"success":true}}